** Drc report for hckpd.kicad_pcb **
** Created on 2025-12-29T13:21:15+0100 **

** Found 6 DRC violations **
[silk_edge_clearance]: Silkscreen clipped by board edge
    Rule: board setup constraints silk; warning
    @(122.0500 mm, 53.9200 mm): Rectangle on Edge.Cuts
    @(139.1250 mm, 54.1090 mm): Segment of U1 on F.Silkscreen
[silk_edge_clearance]: Silkscreen clipped by board edge
    Rule: board setup constraints silk; warning
    @(122.0500 mm, 53.9200 mm): Rectangle on Edge.Cuts
    @(148.1240 mm, 53.1990 mm): Segment of U1 on F.Silkscreen
[silk_edge_clearance]: Silkscreen clipped by board edge
    Rule: board setup constraints silk; warning
    @(122.0500 mm, 53.9200 mm): Rectangle on Edge.Cuts
    @(134.6700 mm, 54.3500 mm): Circle of U1 on F.Silkscreen
[text_height]: Text height out of range (board setup constraints silk text height min height 0.8000 mm; actual 0.6350 mm)
    Rule: board setup constraints silk text height; warning
    @(135.1200 mm, 52.6500 mm): Reference field of U1
[silk_over_copper]: Silkscreen clipped by solder mask
    Local override; warning
    @(134.7300 mm, 73.1590 mm): Segment of U1 on F.Silkscreen
[silk_over_copper]: Silkscreen clipped by solder mask
    Local override; warning
    @(152.5100 mm, 73.1590 mm): Segment of U1 on F.Silkscreen

** Found 0 unconnected pads **

** Found 0 Footprint errors **

** End of Report **
